----------------------------------------------------------------
-Pin Report - Date: Tue Feb 25 13:39:52 2020 Pinchecksum: NOT-AVAILABLE
-Product: Designer
-Release: v12.3
-Version: 12.800.0.16
-Design Name: BaseDesign
-Family: PolarFire
-Die: MPF300T_ES
-Package: FCG484
-----------------------------------------------------------------

Number |Port        |Function                                               |State      |I/O Std  |Direction |Used I/O Reg |User I/O Lock Down |Clamp Diode |Resistor Pull |Schmitt Trigger |Vcm Input Range |On Die Termination |Odt Value (Ohm) |Input Delay |Slew |Output Drive (mA) |Impedance (ohm) |Output Load (pF) |Source Termination (Ohm) |Output Delay |
-------|------------|-------------------------------------------------------|-----------|---------|----------|-------------|-------------------|------------|--------------|----------------|----------------|-------------------|----------------|------------|-----|------------------|----------------|-----------------|-------------------------|-------------|
A1                   VSS                                                     Reserved    
A2                   GPIO247PB2/CLKIN_S_2/CCC_SW_CLKIN_S_2/CCC_SW_PLL1_OUT0  Unassigned  
A3                   GPIO247NB2                                              Unassigned  
A4                   VSS                                                     Reserved    
A5                   GPIO253NB2                                              Unassigned  
A6                   GPIO3PB2                                                Unassigned  
A7                   GPIO3NB2                                                Unassigned  
A8                   GPIO5NB2                                                Unassigned  
A9                   VDDI2                                                   Reserved    
A10                  GPIO10PB2/LPRB_A                                        Unassigned  
A11                  GPIO10NB2/LPRB_B                                        Unassigned  
A12                  GPIO11PB2/CLKIN_S_7                                     Unassigned  
A13                  GPIO11NB2                                               Unassigned  
A14                  VSS                                                     Reserved    
A15                  GPIO29PB2/CLKIN_S_9/CCC_SE_CLKIN_S_9                    Unassigned  
A16                  GPIO29NB2                                               Unassigned  
A17                  GPIO26PB2/DQS/CCC_SE_PLL0_OUT0                          Unassigned  
A18                  VSS                                                     Reserved    
A19                  XCVR_1_RX0_N                                            Reserved    
A20                  XCVR_1_RX0_P                                            Reserved    
A21                  VSS                                                     Reserved    
A22                  VSS                                                     Reserved    
AA1                  HSIO168NB0                                              Unassigned  
AA2                  HSIO164PB0                                              Unassigned  
AA3                  HSIO166NB0                                              Unassigned  
AA4                  VSS                                                     Reserved    
AA5                  HSIO159PB0/DQS                                          Unassigned  
AA6                  HSIO160NB0                                              Unassigned  
AA7                  HSIO157PB0                                              Unassigned  
AA8                  HSIO156PB0                                              Unassigned  
AA9                  VDDI1                                                   Reserved    
AA10                 HSIO84PB1                                               Unassigned  
AA11                 HSIO85NB1                                               Unassigned  
AA12                 HSIO81PB1/DQS/CCC_NE_PLL1_OUT0                          Unassigned  
AA13                 HSIO82PB1                                               Unassigned  
AA14                 VSS                                                     Reserved    
AA15                 HSIO78NB1                                               Unassigned  
AA16                 HSIO76PB1                                               Unassigned  
AA17                 HSIO75NB1/DQS                                           Unassigned  
AA18                 VSS                                                     Reserved    
AA19                 XCVR_0_RX3_N                                            Reserved    
AA20                 XCVR_0_RX3_P                                            Reserved    
AA21                 VSS                                                     Reserved    
AA22                 VSS                                                     Reserved    
AB1                  VSS                                                     Reserved    
AB2                  HSIO164NB0                                              Unassigned  
AB3                  HSIO162PB0                                              Unassigned  
AB4                  HSIO162NB0                                              Unassigned  
AB5                  HSIO159NB0/DQS                                          Unassigned  
AB6                  VDDI0                                                   Reserved    
AB7                  HSIO157NB0                                              Unassigned  
AB8                  HSIO87PB1/DQS                                           Unassigned  
AB9                  HSIO87NB1/DQS                                           Unassigned  
AB10                 HSIO84NB1                                               Unassigned  
AB11                 VSS                                                     Reserved    
AB12                 HSIO81NB1/DQS                                           Unassigned  
AB13                 HSIO82NB1                                               Unassigned  
AB14                 HSIO80PB1/CLKIN_N_8/CCC_NE_CLKIN_N_8/CCC_NE_PLL1_OUT0   Unassigned  
AB15                 HSIO80NB1                                               Unassigned  
AB16                 VDDI1                                                   Reserved    
AB17                 HSIO75PB1/DQS/CCC_NE_PLL0_OUT0                          Unassigned  
AB18                 VSS                                                     Reserved    
AB19                 VSS                                                     Reserved    
AB20                 VSS                                                     Reserved    
AB21                 XCVR_0_TX3_N                                            Reserved    
AB22                 XCVR_0_TX3_P                                            Reserved    
B1                   GPIO246NB2/DQS                                          Unassigned  
B2                   GPIO249PB2/CLKIN_S_3/CCC_SW_CLKIN_S_3                   Unassigned  
B3                   GPIO249NB2                                              Unassigned  
B4                   GPIO253PB2                                              Unassigned  
B5                   GPIO255NB2                                              Unassigned  
B6                   VDDI2                                                   Reserved    
B7                   GPIO1NB2                                                Unassigned  
B8                   GPIO5PB2                                                Unassigned  
B9                   GPIO8PB2/DQS                                            Unassigned  
B10                  GPIO8NB2/DQS                                            Unassigned  
B11                  VSS                                                     Reserved    
B12                  GPIO6PB2/CLKIN_S_4                                      Unassigned  
B13                  GPIO6NB2                                                Unassigned  
B14                  GPIO27PB2/CLKIN_S_8/CCC_SE_CLKIN_S_8/CCC_SE_PLL0_OUT0   Unassigned  
B15                  GPIO27NB2                                               Unassigned  
B16                  VDDI2                                                   Reserved    
B17                  GPIO26NB2/DQS                                           Unassigned  
B18                  VSS                                                     Reserved    
B19                  VDDA                                                    Reserved    
B20                  VSS                                                     Reserved    
B21                  XCVR_1_TX0_N                                            Reserved    
B22                  XCVR_1_TX0_P                                            Reserved    
C1                   GPIO246PB2/DQS/CCC_SW_PLL1_OUT0                         Unassigned  
C2                   GPIO245NB2                                              Unassigned  
C3                   VDDI2                                                   Reserved    
C4                   GPIO251NB2                                              Unassigned  
C5                   GPIO255PB2                                              Unassigned  
C6                   GPIO1PB2                                                Unassigned  
C7                   GPIO0NB2                                                Unassigned  
C8                   VSS                                                     Reserved    
C9                   GPIO7PB2/CLKIN_S_5                                      Unassigned  
C10                  GPIO7NB2                                                Unassigned  
C11                  GPIO9PB2/CLKIN_S_6                                      Unassigned  
C12                  GPIO9NB2                                                Unassigned  
C13                  VDDI2                                                   Reserved    
C14                  GPIO25PB2                                               Unassigned  
C15                  GPIO25NB2                                               Unassigned  
C16                  GPIO28PB2/CCC_SE_PLL0_OUT1                              Unassigned  
C17                  GPIO28NB2                                               Unassigned  
C18                  VSS                                                     Reserved    
C19                  XCVR_1_RX1_N                                            Reserved    
C20                  XCVR_1_RX1_P                                            Reserved    
C21                  VDDA                                                    Reserved    
C22                  VSS                                                     Reserved    
D1                   GPIO244NB2                                              Unassigned  
D2                   GPIO245PB2/CCC_SW_CLKIN_S_1                             Unassigned  
D3                   GPIO248NB2                                              Unassigned  
D4                   GPIO251PB2                                              Unassigned  
D5                   VSS                                                     Reserved    
D6      GPIO_OUT[3]  GPIO254NB2                                              Fixed       LVCMOS18  Output     None          No                  ON           None           ---              ---              ---                 120              ---          OFF   8                  ---              5                 ---                       OFF           
D7      GPIO_OUT[0]  GPIO0PB2                                                Fixed       LVCMOS18  Output     None          No                  ON           None           ---              ---              ---                 120              ---          OFF   8                  ---              5                 ---                       OFF           
D8      GPIO_OUT[1]  GPIO2NB2/DQS                                            Fixed       LVCMOS18  Output     None          No                  ON           None           ---              ---              ---                 120              ---          OFF   8                  ---              5                 ---                       OFF           
D9      GPIO_OUT[2]  GPIO4NB2                                                Fixed       LVCMOS18  Output     None          No                  ON           None           ---              ---              ---                 120              ---          OFF   8                  ---              5                 ---                       OFF           
D10                  VDDI2                                                   Reserved    
D11                  GPIO20PB2/DQS                                           Unassigned  
D12                  GPIO20NB2/DQS                                           Unassigned  
D13                  GPIO23PB2                                               Unassigned  
D14                  GPIO24PB2                                               Unassigned  
D15                  VSS                                                     Reserved    
D16                  GPIO32PB2/DQS/CCC_SE_PLL1_OUT0                          Unassigned  
D17                  GPIO32NB2/DQS                                           Unassigned  
D18                  VSS                                                     Reserved    
D19                  XCVR_VREF                                               Reserved    
D20                  VSS                                                     Reserved    
D21                  XCVR_1_TX1_N                                            Reserved    
D22                  XCVR_1_TX1_P                                            Reserved    
E1                   GPIO244PB2/CCC_SW_CLKIN_S_0                             Unassigned  
E2                   VSS                                                     Reserved    
E3                   GPIO248PB2/CCC_SW_PLL1_OUT1                             Unassigned  
E4                   GPIO252NB2/DQS                                          Unassigned  
E5                   GPIO250NB2                                              Unassigned  
E6                   GPIO254PB2                                              Unassigned  
E7                   VDDI2                                                   Reserved    
E8                   GPIO2PB2/DQS                                            Unassigned  
E9                   GPIO4PB2                                                Unassigned  
E10                  GPIO19NB2                                               Unassigned  
E11                  GPIO22PB2                                               Unassigned  
E12                  VSS                                                     Reserved    
E13     GPIO_IN[0]   GPIO23NB2                                               Fixed       LVCMOS18  Input      None          No                  ON           Up             OFF              ---              OFF                 120              OFF          ---   ---                ---              ---               ---                       ---           
E14     GPIO_IN[1]   GPIO24NB2                                               Fixed       LVCMOS18  Input      None          No                  ON           Up             OFF              ---              OFF                 120              OFF          ---   ---                ---              ---               ---                       ---           
E15                  GPIO33PB2/CCC_SE_CLKIN_S_10/CCC_SE_PLL1_OUT0            Unassigned  
E16                  GPIO33NB2                                               Unassigned  
E17                  VDDI2                                                   Reserved    
E18                  VSS                                                     Reserved    
E19                  XCVR_1C_REFCLK_P                                        Reserved    
E20                  XCVR_1C_REFCLK_N                                        Reserved    
E21                  VDDA                                                    Reserved    
E22                  VSS                                                     Reserved    
F1                   GPIO218NB4                                              Unassigned  
F2                   GPIO218PB4                                              Unassigned  
F3                   GPIO252PB2/DQS                                          Unassigned  
F4                   VDDI2                                                   Reserved    
F5      USER_RST     GPIO250PB2                                              Fixed       LVCMOS18  Input      None          No                  ON           Up             OFF              ---              OFF                 120              OFF          ---   ---                ---              ---               ---                       ---           
F6      TDO          TDO                                                     Dedicated   
F7      TMS          TMS                                                     Dedicated   
F8      TCK          TCK                                                     Dedicated   
F9                   VSS                                                     Reserved    
F10                  GPIO19PB2                                               Unassigned  
F11                  GPIO22NB2                                               Unassigned  
F12                  GPIO21NB2                                               Unassigned  
F13                  GPIO21PB2                                               Unassigned  
F14                  VDDI2                                                   Reserved    
F15                  GPIO35PB2/CCC_SE_CLKIN_S_11                             Unassigned  
F16     RX           GPIO35NB2                                               Fixed       LVCMOS18  Input      None          No                  ON           Up             OFF              ---              OFF                 120              OFF          ---   ---                ---              ---               ---                       ---           
F17     TX           GPIO34NB2                                               Fixed       LVCMOS18  Output     None          No                  ON           None           ---              ---              ---                 120              ---          OFF   8                  ---              5                 ---                       OFF           
F18                  VSS                                                     Reserved    
F19                  XCVR_VREF                                               Reserved    
F20                  VSS                                                     Reserved    
F21                  XCVR_1_RX2_N                                            Reserved    
F22                  XCVR_1_RX2_P                                            Reserved    
G1                   VDDI4                                                   Reserved    
G2                   GPIO219PB4/CLKIN_W_3/CCC_SW_CLKIN_W_3                   Unassigned  
G3                   SCK                                                     Reserved    
G4                   SS                                                      Reserved    
G5                   SDO                                                     Reserved    
G6                   VSS                                                     Reserved    
G7      TRSTB        TRSTB                                                   Dedicated   
G8      TDI          TDI                                                     Dedicated   
G9                   IO_CFG_INTF                                             Reserved    
G10                  SDI                                                     Reserved    
G11                  VDDI2                                                   Reserved    
G12                  GPIO18PB2                                               Unassigned  
G13                  GPIO18NB2                                               Unassigned  
G14                  GPIO30PB2                                               Unassigned  
G15                  GPIO31NB2                                               Unassigned  
G16                  VSS                                                     Reserved    
G17                  GPIO34PB2/CCC_SE_PLL1_OUT1                              Unassigned  
G18                  VDDA25                                                  Reserved    
G19                  XCVR_1A_REFCLK_P                                        Reserved    
G20                  XCVR_1A_REFCLK_N                                        Reserved    
G21                  VDDA                                                    Reserved    
G22                  VSS                                                     Reserved    
H1                   GPIO217PB4/DQS                                          Unassigned  
H2                   GPIO219NB4                                              Unassigned  
H3                   VSS                                                     Reserved    
H4                   GPIO241PB5/DQS/CCC_SW_PLL0_OUT0                         Unassigned  
H5                   GPIO242NB5                                              Unassigned  
H6                   GPIO242PB5                                              Unassigned  
H7                   GPIO239PB5/CLKIN_W_2/CCC_SW_CLKIN_W_2/CCC_SW_PLL0_OUT0  Unassigned  
H8                   VDDI3                                                   Reserved    
H9                   DEVRST_N                                                Reserved    
H10                  SPI_EN                                                  Reserved    
H11                  RESERVED                                                Reserved    
H12                  VDDI3                                                   Reserved    
H13                  GPIO30NB2                                               Unassigned  
H14                  VDDAUX2                                                 Reserved    
H15                  GPIO31PB2                                               Unassigned  
H16                  VDDAUX2                                                 Reserved    
H17                  VDDI2                                                   Reserved    
H18                  VSS                                                     Reserved    
H19                  VDDA                                                    Reserved    
H20                  VSS                                                     Reserved    
H21                  XCVR_1_TX2_N                                            Reserved    
H22                  XCVR_1_TX2_P                                            Reserved    
J1                   GPIO217NB4/DQS                                          Unassigned  
J2                   GPIO215NB4                                              Unassigned  
J3                   GPIO215PB4/CLKIN_W_5/CCC_NW_CLKIN_W_5                   Unassigned  
J4                   GPIO241NB5/DQS                                          Unassigned  
J5                   VDDI4                                                   Reserved    
J6                   GPIO238PB5/CCC_SW_PLL0_OUT1                             Unassigned  
J7                   GPIO239NB5                                              Unassigned  
J8                   GPIO240PB5/CLKIN_W_1/CCC_SW_CLKIN_W_1                   Unassigned  
J9                   GPIO243PB5/CLKIN_W_0/CCC_SW_CLKIN_W_0                   Unassigned  
J10                  VDD25                                                   Reserved    
J11                  VDDAUX2                                                 Reserved    
J12                  VSS                                                     Reserved    
J13                  VDDAUX2                                                 Reserved    
J14                  VSS                                                     Reserved    
J15                  VDD                                                     Reserved    
J16                  VSS                                                     Reserved    
J17                  VDD25                                                   Reserved    
J18                  VDD_XCVR_CLK                                            Reserved    
J19                  XCVR_1B_REFCLK_P                                        Reserved    
J20                  XCVR_1B_REFCLK_N                                        Reserved    
J21                  VDDA                                                    Reserved    
J22                  VSS                                                     Reserved    
K1                   GPIO214PB4                                              Unassigned  
K2                   VDDI4                                                   Reserved    
K3                   GPIO216PB4/CLKIN_W_4/CCC_NW_CLKIN_W_4                   Unassigned  
K4                   GPIO211NB4/DQS                                          Unassigned  
K5                   GPIO211PB4/DQS                                          Unassigned  
K6                   GPIO238NB5                                              Unassigned  
K7                   VSS                                                     Reserved    
K8                   GPIO240NB5                                              Unassigned  
K9                   GPIO243NB5                                              Unassigned  
K10                  VDDAUX4                                                 Reserved    
K11                  VSS                                                     Reserved    
K12                  VDD                                                     Reserved    
K13                  VSS                                                     Reserved    
K14                  VDD                                                     Reserved    
K15                  VSS                                                     Reserved    
K16                  VDD                                                     Reserved    
K17                  VSS                                                     Reserved    
K18                  VSS                                                     Reserved    
K19                  VDDA                                                    Reserved    
K20                  VSS                                                     Reserved    
K21                  XCVR_1_TX3_N                                            Reserved    
K22                  XCVR_1_TX3_P                                            Reserved    
L1                   GPIO214NB4                                              Unassigned  
L2                   GPIO216NB4                                              Unassigned  
L3                   GPIO212PB4                                              Unassigned  
L4                   VSS                                                     Reserved    
L5                   GPIO213PB4                                              Unassigned  
L6                   GPIO210PB4                                              Unassigned  
L7                   GPIO209PB4                                              Unassigned  
L8                   GPIO209NB4                                              Unassigned  
L9                   VDDI4                                                   Reserved    
L10                  VSS                                                     Reserved    
L11                  VDD                                                     Reserved    
L12                  VSS                                                     Reserved    
L13                  VDD25                                                   Reserved    
L14                  VSS                                                     Reserved    
L15                  VDD                                                     Reserved    
L16                  VSS                                                     Reserved    
L17                  VDD                                                     Reserved    
L18                  VDDA25                                                  Reserved    
L19                  XCVR_1_RX3_N                                            Reserved    
L20                  XCVR_1_RX3_P                                            Reserved    
L21                  VDDA                                                    Reserved    
L22                  VSS                                                     Reserved    
M1                   VSS                                                     Reserved    
M2                   GPIO208NB4                                              Unassigned  
M3                   GPIO208PB4                                              Unassigned  
M4                   GPIO212NB4                                              Unassigned  
M5                   GPIO213NB4                                              Unassigned  
M6                   VDDI4                                                   Reserved    
M7                   GPIO210NB4                                              Unassigned  
M8                   GPIO189PB4                                              Unassigned  
M9                   GPIO189NB4                                              Unassigned  
M10                  VDDAUX4                                                 Reserved    
M11                  VSS                                                     Reserved    
M12                  VDD                                                     Reserved    
M13                  VSS                                                     Reserved    
M14                  VDD                                                     Reserved    
M15                  VSS                                                     Reserved    
M16                  VDD                                                     Reserved    
M17                  VSS                                                     Reserved    
M18                  VSS                                                     Reserved    
M19                  VDDA                                                    Reserved    
M20                  VSS                                                     Reserved    
M21                  XCVR_0_RX0_N                                            Reserved    
M22                  XCVR_0_RX0_P                                            Reserved    
N1                   GPIO175PB4/DQS                                          Unassigned  
N2                   GPIO178PB4                                              Unassigned  
N3                   VDDI4                                                   Reserved    
N4                   GPIO182PB4                                              Unassigned  
N5                   GPIO188NB4                                              Unassigned  
N6                   GPIO188PB4                                              Unassigned  
N7                   GPIO187PB4/DQS                                          Unassigned  
N8                   GPIO187NB4/DQS                                          Unassigned  
N9                   VDDAUX4                                                 Reserved    
N10                  VSS                                                     Reserved    
N11                  VDD                                                     Reserved    
N12                  VSS                                                     Reserved    
N13                  VDD                                                     Reserved    
N14                  VSS                                                     Reserved    
N15                  VDD                                                     Reserved    
N16                  VSS                                                     Reserved    
N17                  VDD                                                     Reserved    
N18                  VDD_XCVR_CLK                                            Reserved    
N19                  XCVR_0C_REFCLK_P                                        Reserved    
N20                  XCVR_0C_REFCLK_N                                        Reserved    
N21                  VDDA                                                    Reserved    
N22                  VSS                                                     Reserved    
P1                   GPIO175NB4/DQS                                          Unassigned  
P2                   GPIO178NB4                                              Unassigned  
P3                   GPIO182NB4                                              Unassigned  
P4                   GPIO180PB4/CLKIN_W_6/CCC_NW_CLKIN_W_6/CCC_NW_PLL0_OUT1  Unassigned  
P5                   VSS                                                     Reserved    
P6                   GPIO185PB4                                              Unassigned  
P7                   GPIO186PB4                                              Unassigned  
P8                   GPIO186NB4                                              Unassigned  
P9                   GPIO184PB4                                              Unassigned  
P10                  VDD25                                                   Reserved    
P11                  VSS                                                     Reserved    
P12                  VDD18                                                   Reserved    
P13                  VSS                                                     Reserved    
P14                  VDD18                                                   Reserved    
P15                  VSS                                                     Reserved    
P16                  VDD18                                                   Reserved    
P17                  VSS                                                     Reserved    
P18                  VSS                                                     Reserved    
P19                  VDDA                                                    Reserved    
P20                  VSS                                                     Reserved    
P21                  XCVR_0_TX0_N                                            Reserved    
P22                  XCVR_0_TX0_P                                            Reserved    
R1                   GPIO174PB4/CLKIN_W_7/CCC_NW_CLKIN_W_7/CCC_NW_PLL0_OUT0  Unassigned  
R2                   VSS                                                     Reserved    
R3                   GPIO180NB4                                              Unassigned  
R4                   GPIO183NB4                                              Unassigned  
R5                   GPIO183PB4                                              Unassigned  
R6                   GPIO185NB4                                              Unassigned  
R7                   VDDI4                                                   Reserved    
R8                   GPIO184NB4                                              Unassigned  
R9                   HSIO146PB0/CLKIN_N_4                                    Unassigned  
R10                  HSIO146NB0                                              Unassigned  
R11                  VDDI0                                                   Reserved    
R12                  HSIO100PB1                                              Unassigned  
R13                  HSIO99PB1/DQS                                           Unassigned  
R14                  VDD18                                                   Reserved    
R15                  HSIO96NB1                                               Unassigned  
R16                  HSIO77NB1                                               Unassigned  
R17                  VDD25                                                   Reserved    
R18                  VDDA25                                                  Reserved    
R19                  XCVR_0A_REFCLK_P                                        Reserved    
R20                  XCVR_0A_REFCLK_N                                        Reserved    
R21                  VDDA                                                    Reserved    
R22                  VSS                                                     Reserved    
T1                   GPIO174NB4                                              Unassigned  
T2                   GPIO181PB4/DQS/CCC_NW_PLL0_OUT0                         Unassigned  
T3                   GPIO181NB4/DQS                                          Unassigned  
T4                   VDDI4                                                   Reserved    
T5                   GPIO179PB4                                              Unassigned  
T6                   GPIO179NB4                                              Unassigned  
T7                   HSIO149PB0                                              Unassigned  
T8                   HSIO149NB0                                              Unassigned  
T9                   VSS                                                     Reserved    
T10                  HSIO147PB0/DQS                                          Unassigned  
T11                  HSIO100NB1                                              Unassigned  
T12                  HSIO99NB1/DQS                                           Unassigned  
T13                  HSIO97PB1                                               Unassigned  
T14                  VDDI1                                                   Reserved    
T15                  HSIO96PB1/CLKIN_N_7                                     Unassigned  
T16                  HSIO77PB1                                               Unassigned  
T17                  HSIO72PB1/CCC_NE_CLKIN_N_11                             Unassigned  
T18                  VSS                                                     Reserved    
T19                  VDDA                                                    Reserved    
T20                  VSS                                                     Reserved    
T21                  XCVR_0_RX1_N                                            Reserved    
T22                  XCVR_0_RX1_P                                            Reserved    
U1                   VDDI0                                                   Reserved    
U2                   HSIO172NB0                                              Unassigned  
U3                   HSIO172PB0/CCC_NW_CLKIN_N_1                             Unassigned  
U4                   HSIO173NB0                                              Unassigned  
U5                   HSIO173PB0/CCC_NW_CLKIN_N_0                             Unassigned  
U6                   VSS                                                     Reserved    
U7                   HSIO161PB0                                              Unassigned  
U8                   HSIO148PB0                                              Unassigned  
U9                   HSIO148NB0                                              Unassigned  
U10                  HSIO147NB0/DQS                                          Unassigned  
U11                  VDDI1                                                   Reserved    
U12                  HSIO89PB1                                               Unassigned  
U13                  HSIO97NB1                                               Unassigned  
U14                  HSIO101NB1                                              Unassigned  
U15                  HSIO98NB1                                               Unassigned  
U16                  VSS                                                     Reserved    
U17                  HSIO72NB1                                               Unassigned  
U18                  VSS                                                     Reserved    
U19                  XCVR_0B_REFCLK_P                                        Reserved    
U20                  XCVR_0B_REFCLK_N                                        Reserved    
U21                  VDDA                                                    Reserved    
U22                  VSS                                                     Reserved    
V1                   HSIO170PB0/CLKIN_N_2/CCC_NW_CLKIN_N_2/CCC_NW_PLL1_OUT0  Unassigned  
V2                   HSIO171PB0/DQS/CCC_NW_PLL1_OUT0                         Unassigned  
V3                   VSS                                                     Reserved    
V4                   HSIO169PB0/CCC_NW_PLL1_OUT1                             Unassigned  
V5                   HSIO167PB0                                              Unassigned  
V6                   HSIO163PB0                                              Unassigned  
V7                   HSIO161NB0                                              Unassigned  
V8                   VDDI0                                                   Reserved    
V9                   HSIO145PB0                                              Unassigned  
V10                  HSIO145NB0                                              Unassigned  
V11                  HSIO89NB1                                               Unassigned  
V12                  HSIO86PB1                                               Unassigned  
V13                  VSS                                                     Reserved    
V14                  HSIO101PB1                                              Unassigned  
V15                  HSIO98PB1/CLKIN_N_6                                     Unassigned  
V16                  HSIO73PB1/CCC_NE_PLL0_OUT1                              Unassigned  
V17                  HSIO74NB1                                               Unassigned  
V18                  VSS                                                     Reserved    
V19                  VDDA25                                                  Reserved    
V20                  VSS                                                     Reserved    
V21                  XCVR_0_TX1_N                                            Reserved    
V22                  XCVR_0_TX1_P                                            Reserved    
W1                   HSIO170NB0                                              Unassigned  
W2                   HSIO171NB0/DQS                                          Unassigned  
W3                   HSIO169NB0                                              Unassigned  
W4                   HSIO167NB0                                              Unassigned  
W5                   VDDI0                                                   Reserved    
W6                   HSIO163NB0                                              Unassigned  
W7                   HSIO158PB0                                              Unassigned  
W8                   HSIO158NB0                                              Unassigned  
W9                   HSIO144PB0/CLKIN_N_5                                    Unassigned  
W10                  VSS                                                     Reserved    
W11                  HSIO88PB1                                               Unassigned  
W12                  HSIO86NB1                                               Unassigned  
W13                  HSIO83PB1                                               Unassigned  
W14                  HSIO79PB1/CCC_NE_PLL1_OUT1                              Unassigned  
W15                  VDDI1                                                   Reserved    
W16                  HSIO73NB1                                               Unassigned  
W17                  HSIO74PB1/CCC_NE_CLKIN_N_10/CCC_NE_PLL0_OUT0            Unassigned  
W18                  VSS                                                     Reserved    
W19                  XCVR_0_RX2_N                                            Reserved    
W20                  XCVR_0_RX2_P                                            Reserved    
W21                  VDDA                                                    Reserved    
W22                  VSS                                                     Reserved    
Y1                   HSIO168PB0/CLKIN_N_3/CCC_NW_CLKIN_N_3                   Unassigned  
Y2                   VDDI0                                                   Reserved    
Y3                   HSIO166PB0                                              Unassigned  
Y4                   HSIO165PB0/DQS                                          Unassigned  
Y5                   HSIO165NB0/DQS                                          Unassigned  
Y6                   HSIO160PB0                                              Unassigned  
Y7                   VSS                                                     Reserved    
Y8                   HSIO156NB0                                              Unassigned  
Y9                   HSIO144NB0                                              Unassigned  
Y10                  HSIO88NB1                                               Unassigned  
Y11                  HSIO85PB1                                               Unassigned  
Y12                  VDDI1                                                   Reserved    
Y13                  HSIO83NB1                                               Unassigned  
Y14                  HSIO79NB1                                               Unassigned  
Y15                  HSIO78PB1/CLKIN_N_9/CCC_NE_CLKIN_N_9                    Unassigned  
Y16                  HSIO76NB1                                               Unassigned  
Y17                  VSS                                                     Reserved    
Y18                  VSS                                                     Reserved    
Y19                  VDDA                                                    Reserved    
Y20                  VSS                                                     Reserved    
Y21                  XCVR_0_TX2_N                                            Reserved    
Y22                  XCVR_0_TX2_P                                            Reserved    
