Resource Usage Report for BaseDesign 

Mapping to part: mpf300tfcg1152std
Cell usage:
BUFD            102 uses
CLKINT          5 uses
INIT            1 use
INV             4 uses
OR2             32 uses
OR4             1344 uses
OSC_RC160MHZ    1 use
PLL             1 use
UJTAG           1 use
CFG1           19 uses
CFG2           1771 uses
CFG3           5080 uses
CFG4           6751 uses

Carry cells:
ARI1            1075 uses - used for arithmetic functions
ARI1            2254 uses - used for Wide-Mux implementation
Total ARI1      3329 uses


Sequential Cells: 
SLE            10699 uses

DSP Blocks:    2 of 924 (0%)
 MACC_PA:         1 MultAdd
 MACC_PA:         1 Mult

I/O ports: 14
I/O primitives: 9
INBUF          4 uses
OUTBUF         5 uses


Global Clock Buffers: 5

Total LUTs:    16950

Extra resources required for RAM and MACC_PA interface logic during P&R:

RAM64X12 Interface Logic : SLEs = 360; LUTs = 360;
RAM1K20  Interface Logic : SLEs = 4968; LUTs = 4968;
MACC_PA     Interface Logic : SLEs = 72; LUTs = 72;
MACC_PA_BC_ROM     Interface Logic : SLEs = 0; LUTs = 0;

Total number of SLEs after P&R:  10699 + 360 + 4968 + 72 = 16099;
Total number of LUTs after P&R:  16950 + 360 + 4968 + 72 = 22350;

