----------------------------------------------------------------
-Pin Report - Date: Fri Feb 28 12:32:14 2020 Pinchecksum: NOT-AVAILABLE
-Product: Designer
-Release: v12.3
-Version: 12.800.0.16
-Design Name: BaseDesign
-Family: PolarFire
-Die: MPF300T_ES
-Package: FCG484
-----------------------------------------------------------------

Port        |Pin |Fixed |Function     |Bank     |I/O Std   |Direction    |Used I/O Reg       |User I/O Lock Down |Clamp Diode   |Resistor Pull   |Schmitt Trigger |Vcm Input Range    |On Die Termination |Odt Value (Ohm) |Input Delay |Slew              |Output Drive (mA) |Impedance (ohm)  |Output Load (pF)         |Source Termination (Ohm) |Output Delay |
------------|----|------|-------------|---------|----------|-------------|-------------------|-------------------|--------------|----------------|----------------|-------------------|-------------------|----------------|------------|------------------|------------------|-----------------|-------------------------|-------------------------|-------------|
GPIO_IN[0]   E13  Yes    GPIO23NB2     Bank2     LVCMOS18   Input         None                No                  ON             Up               OFF              ---                 OFF                 120              OFF          ---                ---                ---               ---                       ---                       ---           
GPIO_IN[1]   E14  Yes    GPIO24NB2     Bank2     LVCMOS18   Input         None                No                  ON             Up               OFF              ---                 OFF                 120              OFF          ---                ---                ---               ---                       ---                       ---           
GPIO_OUT[0]  D7   Yes    GPIO0PB2      Bank2     LVCMOS18   Output        None                No                  ON             None             ---              ---                 ---                 120              ---          OFF                8                  ---               5                         ---                       OFF           
GPIO_OUT[1]  D8   Yes    GPIO2NB2/DQS  Bank2     LVCMOS18   Output        None                No                  ON             None             ---              ---                 ---                 120              ---          OFF                8                  ---               5                         ---                       OFF           
GPIO_OUT[2]  D9   Yes    GPIO4NB2      Bank2     LVCMOS18   Output        None                No                  ON             None             ---              ---                 ---                 120              ---          OFF                8                  ---               5                         ---                       OFF           
GPIO_OUT[3]  D6   Yes    GPIO254NB2    Bank2     LVCMOS18   Output        None                No                  ON             None             ---              ---                 ---                 120              ---          OFF                8                  ---               5                         ---                       OFF           
RX           F16  Yes    GPIO35NB2     Bank2     LVCMOS18   Input         None                No                  ON             Up               OFF              ---                 OFF                 120              OFF          ---                ---                ---               ---                       ---                       ---           
TCK          F8   Fixed  TCK           ---       
TDI          G8   Fixed  TDI           ---       
TDO          F6   Fixed  TDO           ---       
TMS          F7   Fixed  TMS           ---       
TRSTB        G7   Fixed  TRSTB         ---       
TX           F17  Yes    GPIO34NB2     Bank2     LVCMOS18   Output        None                No                  ON             None             ---              ---                 ---                 120              ---          OFF                8                  ---               5                         ---                       OFF           
USER_RST     F5   Yes    GPIO250PB2    Bank2     LVCMOS18   Input         None                No                  ON             Up               OFF              ---                 OFF                 120              OFF          ---                ---                ---               ---                       ---                       ---           
